=== AUDIT DE SEGURANCA ===
--- Tentativa 1 sem chave ---
HTTP/1.1 401 Unauthorized
X-Powered-By: Express
Access-Control-Allow-Origin: *
Content-Type: application/json; charset=utf-8
Content-Length: 73
ETag: W/"49-VocKX6oX/pI0y+4oQzHnxXXilzU"
Date: Fri, 09 Oct 2026 18:35:15 GMT
Connection: keep-alive
Keep-Alive: timeout=5

{"erro":"Acesso nao autorizado. Header 'X-API-KEY' invalido ou ausente."}

--- Tentativa 2 sem chave ---
HTTP/1.1 401 Unauthorized
X-Powered-By: Express
Access-Control-Allow-Origin: *
Content-Type: application/json; charset=utf-8
Content-Length: 73
ETag: W/"49-VocKX6oX/pI0y+4oQzHnxXXilzU"
Date: Fri, 09 Oct 2026 18:35:15 GMT
Connection: keep-alive
Keep-Alive: timeout=5

{"erro":"Acesso nao autorizado. Header 'X-API-KEY' invalido ou ausente."}

--- Tentativa 3 sem chave ---
HTTP/1.1 401 Unauthorized
X-Powered-By: Express
Access-Control-Allow-Origin: *
Content-Type: application/json; charset=utf-8
Content-Length: 73
ETag: W/"49-VocKX6oX/pI0y+4oQzHnxXXilzU"
Date: Fri, 09 Oct 2026 18:35:15 GMT
Connection: keep-alive
Keep-Alive: timeout=5

{"erro":"Acesso nao autorizado. Header 'X-API-KEY' invalido ou ausente."}

--- Tentativa com chave valida ---
HTTP/1.1 200 OK
X-Powered-By: Express
Access-Control-Allow-Origin: *
Content-Type: application/json; charset=utf-8
Content-Length: 160
ETag: W/"a0-fH9vxH+yfAEUU9gtJMPiw0RqGus"
Date: Fri, 09 Oct 2026 18:35:15 GMT
Connection: keep-alive
Keep-Alive: timeout=5

[{"id":1,"nome":"Carlos Silva","cnh":"12345678900","categoria":"E","ativo":true},{"id":2,"nome":"Ana Pereira","cnh":"98765432100","categoria":"D","ativo":true}]

