┌────┬────────────────────────┬─────────────┬─────────┬─────────┬──────────┬────────┬──────┬───────────┬──────────┬──────────┬──────────┬──────────┐
│ id │ name                   │ namespace   │ version │ mode    │ pid      │ uptime │ ↺    │ status    │ cpu      │ mem      │ user     │ watching │
├────┼────────────────────────┼─────────────┼─────────┼─────────┼──────────┼────────┼──────┼───────────┼──────────┼──────────┼──────────┼──────────┤
│ 0  │ api-telemetria-dev     │ default     │ 1.0.0   │ fork    │ 404154   │ 0s     │ 47   │ online    │ 0%       │ 43.6mb   │ gabriel… │ enabled  │
│ 1  │ api-telemetria-prod    │ default     │ 1.0.0   │ cluster │ 340817   │ 79m    │ 1    │ online    │ 0%       │ 65.2mb   │ gabriel… │ disabled │
│ 2  │ api-telemetria-prod    │ default     │ 1.0.0   │ cluster │ 340818   │ 79m    │ 1    │ online    │ 0%       │ 65.8mb   │ gabriel… │ disabled │
│ 3  │ api-telemetria-prod    │ default     │ 1.0.0   │ cluster │ 340851   │ 79m    │ 1    │ online    │ 0%       │ 66.1mb   │ gabriel… │ disabled │
│ 4  │ api-telemetria-prod    │ default     │ 1.0.0   │ cluster │ 340852   │ 79m    │ 1    │ online    │ 0%       │ 65.6mb   │ gabriel… │ disabled │
│ 5  │ api-telemetria-prod    │ default     │ 1.0.0   │ cluster │ 340875   │ 79m    │ 1    │ online    │ 0%       │ 66.1mb   │ gabriel… │ disabled │
│ 6  │ api-telemetria-prod    │ default     │ 1.0.0   │ cluster │ 340876   │ 79m    │ 1    │ online    │ 0%       │ 65.3mb   │ gabriel… │ disabled │
│ 7  │ api-telemetria-prod    │ default     │ 1.0.0   │ cluster │ 340899   │ 79m    │ 1    │ online    │ 0%       │ 65.9mb   │ gabriel… │ disabled │
│ 8  │ api-telemetria-prod    │ default     │ 1.0.0   │ cluster │ 340900   │ 79m    │ 1    │ online    │ 0%       │ 65.9mb   │ gabriel… │ disabled │
│ 9  │ api-telemetria-prod    │ default     │ 1.0.0   │ cluster │ 340924   │ 79m    │ 1    │ online    │ 0%       │ 65.3mb   │ gabriel… │ disabled │
│ 10 │ api-telemetria-prod    │ default     │ 1.0.0   │ cluster │ 340923   │ 79m    │ 1    │ online    │ 0%       │ 65.8mb   │ gabriel… │ disabled │
│ 11 │ api-telemetria-prod    │ default     │ 1.0.0   │ cluster │ 340947   │ 79m    │ 1    │ online    │ 0%       │ 66.0mb   │ gabriel… │ disabled │
│ 12 │ api-telemetria-prod    │ default     │ 1.0.0   │ cluster │ 340948   │ 79m    │ 1    │ online    │ 0%       │ 65.8mb   │ gabriel… │ disabled │
│ 13 │ api-telemetria-prod    │ default     │ 1.0.0   │ cluster │ 340971   │ 79m    │ 1    │ online    │ 0%       │ 66.2mb   │ gabriel… │ disabled │
│ 14 │ api-telemetria-prod    │ default     │ 1.0.0   │ cluster │ 340972   │ 79m    │ 1    │ online    │ 0%       │ 65.0mb   │ gabriel… │ disabled │
│ 15 │ api-telemetria-prod    │ default     │ 1.0.0   │ cluster │ 340995   │ 79m    │ 1    │ online    │ 0%       │ 66.1mb   │ gabriel… │ disabled │
│ 16 │ api-telemetria-prod    │ default     │ 1.0.0   │ cluster │ 340996   │ 79m    │ 1    │ online    │ 0%       │ 65.2mb   │ gabriel… │ disabled │
└────┴────────────────────────┴─────────────┴─────────┴─────────┴──────────┴────────┴──────┴───────────┴──────────┴──────────┴──────────┴──────────┘
host metrics | cpu: 2% | ram usage: 7.2% | eno8303: ⇓ 0.023mb/s ⇑ 0.019mb/s drop 12/min | disk: ⇓ 0mb/s ⇑ 0.233mb/s
