====================================================
 RELATÓRIO DE AUDITORIA DE TELEMETRIA - BINÁRIO TECH
 Data/Hora: Fri Oct  9 07:07:52 PM UTC 2026
====================================================

[1] Telemetria Scania:
{
  "montadora": "Scania",
  "dados": [
    {
      "id": 1,
      "modelo": "R450",
      "vin": "9BS123456789",
      "temperatura_motor": 88,
      "status": "OK"
    },
    {
      "id": 2,
      "modelo": "S500",
      "vin": "9BS987654321",
      "temperatura_motor": 102,
      "status": "ALERTA_AQUECIMENTO"
    },
    {
      "id": 3,
      "modelo": "R450",
      "vin": "9BS123456789",
      "temperatura_motor": 88,
      "status": "OK"
    },
    {
      "id": 4,
      "modelo": "R450",
      "vin": "9BS123456789",
      "temperatura_motor": 88,
      "status": "OK"
    }
  ]
}

[2] Telemetria Mercedes-Benz:
{
  "montadora": "Mercedes-Benz",
  "dados": [
    {
      "id": 1,
      "modelo": "Actros",
      "vin": "MB1234567890",
      "temperatura_motor": 89,
      "status": "OK"
    },
    {
      "id": 2,
      "modelo": "Atego",
      "vin": "MB9876543210",
      "temperatura_motor": 101,
      "status": "ALERTA_AQUECIMENTO"
    }
  ]
}

[3] Teste de Registro Inválido na Scania (VIN Incorreto):
{
  "erro": "Validação recusada: O código VIN é obrigatório e deve ter exatamente 12 caracteres."
}

[4] Teste de Endpoint 404 (Volvo):
{
  "erro": "Módulo ou Rota de Telemetria não encontrada."
}
